// Jest Snapshot v1, https://goo.gl/fbAQLP

exports[`Todo component should render properly 1`] = `
<DocumentFragment>
  <div
    class="view"
  >
    <input
      class="toggle"
      type="checkbox"
    />
    <label>
      First thing to do
    </label>
    <button
      class="destroy"
    />
  </div>
</DocumentFragment>
`;
