// Jest Snapshot v1, https://goo.gl/fbAQLP

exports[`TodoFooter component Should display properly 1`] = `
<DocumentFragment>
  <footer
    class="footer"
  >
    <span
      class="todo-count"
    >
      <strong>
        1
      </strong>
       item left
    </span>
    <ul
      class="filters"
    >
      <li>
        <a
          class="selected"
          href="/"
        >
          All
        </a>
      </li>
      <li>
        <a
          class=""
          href="/"
        >
          Active
        </a>
      </li>
      <li>
        <a
          class=""
          href="/"
        >
          Complete
        </a>
      </li>
    </ul>
  </footer>
</DocumentFragment>
`;
